
> integration-delivery-portal-frontend@0.1.0 build
> vite build

[36mvite v6.4.3 [32mbuilding for production...[36m[39m
transforming...
[32mΓ£ô[39m 2380 modules transformed.
rendering chunks...
computing gzip size...
[2mdist/[22m[32mindex.html                                [39m[1m[2m  1.64 kB[22m[1m[22m[2m Γöé gzip:   0.76 kB[22m
[2mdist/[22m[32massets/auth-light-DjUkcdPD.webp           [39m[1m[2m 41.20 kB[22m[1m[22m
[2mdist/[22m[32massets/auth-dark-TftcYRfg.webp            [39m[1m[2m 93.50 kB[22m[1m[22m
[2mdist/[22m[35massets/index-BGkm9_kR.css                 [39m[1m[2m 75.99 kB[22m[1m[22m[2m Γöé gzip:  14.91 kB[22m
[2mdist/[22m[36massets/Button-DsvxqoQ-.js                 [39m[1m[2m  0.50 kB[22m[1m[22m[2m Γöé gzip:   0.31 kB[22m
[2mdist/[22m[36massets/Table-BWLNgH2p.js                  [39m[1m[2m  0.66 kB[22m[1m[22m[2m Γöé gzip:   0.38 kB[22m
[2mdist/[22m[36massets/Card-C3Mp0Xk3.js                   [39m[1m[2m  0.71 kB[22m[1m[22m[2m Γöé gzip:   0.39 kB[22m
[2mdist/[22m[36massets/AuthInput-CerZqTrN.js              [39m[1m[2m  0.74 kB[22m[1m[22m[2m Γöé gzip:   0.36 kB[22m
[2mdist/[22m[36massets/Pending-CwhPTmiU.js                [39m[1m[2m  0.76 kB[22m[1m[22m[2m Γöé gzip:   0.47 kB[22m
[2mdist/[22m[36massets/dates-ChVCBmjE.js                  [39m[1m[2m  1.02 kB[22m[1m[22m[2m Γöé gzip:   0.53 kB[22m
[2mdist/[22m[36massets/ConsolePageHeader-COseMl9y.js      [39m[1m[2m  1.05 kB[22m[1m[22m[2m Γöé gzip:   0.56 kB[22m
[2mdist/[22m[36massets/MfaChallenge-C84koBtL.js           [39m[1m[2m  1.23 kB[22m[1m[22m[2m Γöé gzip:   0.66 kB[22m
[2mdist/[22m[36massets/Forgot-Dk5V7Yfr.js                 [39m[1m[2m  1.89 kB[22m[1m[22m[2m Γöé gzip:   1.01 kB[22m
[2mdist/[22m[36massets/VerifyEmail-Di5Yg6kk.js            [39m[1m[2m  2.27 kB[22m[1m[22m[2m Γöé gzip:   1.02 kB[22m
[2mdist/[22m[36massets/Reset-BCeACawD.js                  [39m[1m[2m  2.70 kB[22m[1m[22m[2m Γöé gzip:   1.28 kB[22m
[2mdist/[22m[36massets/Register-Dwd_vMdd.js               [39m[1m[2m  3.18 kB[22m[1m[22m[2m Γöé gzip:   1.27 kB[22m
[2mdist/[22m[36massets/DocsPage-BhWYdcXU.js               [39m[1m[2m  4.84 kB[22m[1m[22m[2m Γöé gzip:   1.55 kB[22m
[2mdist/[22m[36massets/Login-iApkddiP.js                  [39m[1m[2m  4.95 kB[22m[1m[22m[2m Γöé gzip:   1.87 kB[22m
[2mdist/[22m[36massets/ApiKeysPage-BV99DhfC.js            [39m[1m[2m 10.98 kB[22m[1m[22m[2m Γöé gzip:   2.90 kB[22m
[2mdist/[22m[36massets/CompanySettingsPage-BA2cdzZ4.js    [39m[1m[2m 11.70 kB[22m[1m[22m[2m Γöé gzip:   3.54 kB[22m
[2mdist/[22m[36massets/VerifyPage-JdRA7ShU.js             [39m[1m[2m 13.31 kB[22m[1m[22m[2m Γöé gzip:   4.02 kB[22m
[2mdist/[22m[36massets/ApiManagementPage-CAXnJ7oF.js      [39m[1m[2m 13.72 kB[22m[1m[22m[2m Γöé gzip:   3.82 kB[22m
[2mdist/[22m[36massets/ReportsPage-DLptKjUK.js            [39m[1m[2m 17.93 kB[22m[1m[22m[2m Γöé gzip:   4.42 kB[22m
[2mdist/[22m[36massets/index-BHErQv0x.js                  [39m[1m[2m 64.02 kB[22m[1m[22m[2m Γöé gzip:  17.21 kB[22m
[2mdist/[22m[36massets/CompanyManagerPage-Bl1dIbvD.js     [39m[1m[2m 71.25 kB[22m[1m[22m[2m Γöé gzip:  15.61 kB[22m
[2mdist/[22m[36massets/EnterpriseConsolePage-DOvsARPO.js  [39m[1m[2m 71.67 kB[22m[1m[22m[2m Γöé gzip:  15.92 kB[22m
[2mdist/[22m[36massets/vendor-Cr9XXlPs.js                 [39m[1m[33m803.35 kB[39m[22m[2m Γöé gzip: 230.86 kB[22m

(!) Some chunks are larger than 700 kB after minification. Consider:
- Using dynamic import() to code-split the application
- Use build.rollupOptions.output.manualChunks to improve chunking: https://rollupjs.org/configuration-options/#output-manualchunks
- Adjust chunk size limit for this warning via build.chunkSizeWarningLimit.
[32mΓ£ô built in 16.23s[39m
